---
source: tests/test_examples.rs
description: "--expect-fail --all-solvers -- verify tests/examples/fail/sorts/quantifier_repeated_args.fly"
expression: combined_stdout_stderr
---

======== STDERR: ===========
sort checking error:
error: x was declared multiple times


