---
source: tests/test_examples.rs
expression: combined_stdout_stderr
---

======== STDERR: ===========
verification errors:
error: init does not imply invariant
   ┌─ tests/examples/fail/safety1_proof_invariants.fly:11:1
   │
11 │ assert always !p
   │ ^^^^^^^^^^^^^^^^
   │
   = counter example:
     p = false
     q = false


