---
source: tests/test_examples.rs
expression: stderr
---

