---
source: tests/test_examples.rs
expression: stdout
---
verifies!

