---
source: src/verify/module.rs
expression: "z3_verify(&m).expect_err(\"verification should fail\")"
---
fails:
  - loc:
      start: 197
      end: 209
    reason: FirstOrder
    error:
      Sat:
        signature:
          sorts:
            - Id: thread
          relations:
            - mutable: true
              name: p
              args:
                - Id: thread
              typ: Bool
            - mutable: false
              name: q
              args: []
              typ: Bool
            - mutable: false
              name: t0
              args: []
              typ:
                Id: thread
        universe:
          - 1
        interp:
          - shape:
              - 1
              - 2
            data:
              - 0
          - shape:
              - 2
            data:
              - 0
          - shape:
              - 1
            data:
              - 0

